in_source: |-
  number:               ; Указатель на элемент в input_buffer.
      word 0
  print_name:
      pop
      push_addr number
      load              ; Выгрузка элемента из input_buffer
      store 2           ; Загрузка символа в output_buffer_str
      push_addr number
      load
      push 10
      sub
      jz end             ; выход из цикла если число равно 10
      push_addr number   ; Инкрмент указателя
      inc
      pop_addr number
      jmp print_name
  end:
      push 1
      pop_addr number
      ret
  num:                  ; Указатель на элемент в input_buffer.
      word 0
  _start:
      ei
      push_addr num
      load                ; Выгрузка элемента из input_buffer
      push 10
      sub
      di
      jz print            ; выход из цикла если число равно 10
      pop
      push_addr num      ; Инкрмент указателя
      inc
      pop_addr num
      jmp _start
  print:
      call print_name     ; вызов подпрограммы для вывода имени
      halt
in_stdin: |-
  [(1,'V'),(5,'i'),(8,'k'),(14,'o'),(15,'r')]
out_code: |-
  [{"_start": 22},
  {"index": 4, "opcode": "word", "arg": "0"},
  {"index": 5, "opcode": "pop", "arg": 0},
  {"index": 6, "opcode": "push_addr", "arg": 4},
  {"index": 7, "opcode": "load", "arg": 0},
  {"index": 8, "opcode": "store", "arg": "2"},
  {"index": 9, "opcode": "push_addr", "arg": 4},
  {"index": 10, "opcode": "load", "arg": 0},
  {"index": 11, "opcode": "push", "arg": "10"},
  {"index": 12, "opcode": "sub", "arg": 0},
  {"index": 13, "opcode": "jz", "arg": 18},
  {"index": 14, "opcode": "push_addr", "arg": 4},
  {"index": 15, "opcode": "inc", "arg": 0},
  {"index": 16, "opcode": "pop_addr", "arg": 4},
  {"index": 17, "opcode": "jmp", "arg": 5},
  {"index": 18, "opcode": "push", "arg": "1"},
  {"index": 19, "opcode": "pop_addr", "arg": 4},
  {"index": 20, "opcode": "ret", "arg": 0},
  {"index": 21, "opcode": "word", "arg": "0"},
  {"index": 22, "opcode": "ei", "arg": 0},
  {"index": 23, "opcode": "push_addr", "arg": 21},
  {"index": 24, "opcode": "load", "arg": 0},
  {"index": 25, "opcode": "push", "arg": "10"},
  {"index": 26, "opcode": "sub", "arg": 0},
  {"index": 27, "opcode": "di", "arg": 0},
  {"index": 28, "opcode": "jz", "arg": 34},
  {"index": 29, "opcode": "pop", "arg": 0},
  {"index": 30, "opcode": "push_addr", "arg": 21},
  {"index": 31, "opcode": "inc", "arg": 0},
  {"index": 32, "opcode": "pop_addr", "arg": 21},
  {"index": 33, "opcode": "jmp", "arg": 22},
  {"index": 34, "opcode": "call", "arg": 5},
  {"index": 35, "opcode": "halt", "arg": 0}]
out_stdout: |-
  Viko
  
  instr_counter: 121
  ticks: 374
  
out_log: |-
  DEBUG   machine:simulation    PC: 22 ticks: 0 interruption: True in MEM_OUT: {'opcode': 'ei', 'arg': 0} ei 0
  INFO    machine:signal_interruption_controller Interruption
  INFO    machine:signal_interruption_controller Interruption
  DEBUG   machine:simulation    PC: 23 ticks: 7 interruption: True in MEM_OUT: {'opcode': 'push_addr', 'arg': 21} push_addr 21
  INFO    machine:signal_interruption_controller Interruption
  DEBUG   machine:simulation    PC: 24 ticks: 13 interruption: True in MEM_OUT: {'opcode': 'load', 'arg': 0} load 0
  INFO    machine:signal_interruption_controller Interruption
  DEBUG   machine:simulation    PC: 25 ticks: 21 interruption: True in MEM_OUT: {'opcode': 'push', 'arg': 10} push 10
  DEBUG   machine:simulation    PC: 26 ticks: 23 interruption: True in MEM_OUT: {'opcode': 'sub', 'arg': 0} sub 0
  DEBUG   machine:simulation    PC: 27 ticks: 26 interruption: True in MEM_OUT: {'opcode': 'di', 'arg': 0} di 0
  DEBUG   machine:simulation    PC: 28 ticks: 28 interruption: False in MEM_OUT: {'opcode': 'jz', 'arg': 34} jz 34
  DEBUG   machine:simulation    PC: 29 ticks: 28 interruption: False in MEM_OUT: {'opcode': 'pop', 'arg': 0} pop 0
  DEBUG   machine:simulation    PC: 30 ticks: 30 interruption: False in MEM_OUT: {'opcode': 'push_addr', 'arg': 21} push_addr 21
  DEBUG   machine:simulation    PC: 31 ticks: 34 interruption: False in MEM_OUT: {'opcode': 'inc', 'arg': 0} inc 0
  DEBUG   machine:simulation    PC: 32 ticks: 36 interruption: False in MEM_OUT: {'opcode': 'pop_addr', 'arg': 21} pop_addr 21
  DEBUG   machine:simulation    PC: 33 ticks: 40 interruption: False in MEM_OUT: {'opcode': 'jmp', 'arg': 22} jmp 22
  DEBUG   machine:simulation    PC: 22 ticks: 42 interruption: False in MEM_OUT: {'opcode': 'ei', 'arg': 0} ei 0
  DEBUG   machine:simulation    PC: 23 ticks: 45 interruption: True in MEM_OUT: {'opcode': 'push_addr', 'arg': 21} push_addr 21
  DEBUG   machine:simulation    PC: 24 ticks: 49 interruption: True in MEM_OUT: {'opcode': 'load', 'arg': 0} load 0
  DEBUG   machine:simulation    PC: 25 ticks: 54 interruption: True in MEM_OUT: {'opcode': 'push', 'arg': 10} push 10
  DEBUG   machine:simulation    PC: 26 ticks: 56 interruption: True in MEM_OUT: {'opcode': 'sub', 'arg': 0} sub 0
  DEBUG   machine:simulation    PC: 27 ticks: 59 interruption: True in MEM_OUT: {'opcode': 'di', 'arg': 0} di 0
  DEBUG   machine:simulation    PC: 28 ticks: 61 interruption: False in MEM_OUT: {'opcode': 'jz', 'arg': 34} jz 34
  DEBUG   machine:simulation    PC: 29 ticks: 61 interruption: False in MEM_OUT: {'opcode': 'pop', 'arg': 0} pop 0
  DEBUG   machine:simulation    PC: 30 ticks: 63 interruption: False in MEM_OUT: {'opcode': 'push_addr', 'arg': 21} push_addr 21
  DEBUG   machine:simulation    PC: 31 ticks: 67 interruption: False in MEM_OUT: {'opcode': 'inc', 'arg': 0} inc 0
  DEBUG   machine:simulation    PC: 32 ticks: 69 interruption: False in MEM_OUT: {'opcode': 'pop_addr', 'arg': 21} pop_addr 21
  DEBUG   machine:simulation    PC: 33 ticks: 73 interruption: False in MEM_OUT: {'opcode': 'jmp', 'arg': 22} jmp 22
  DEBUG   machine:simulation    PC: 22 ticks: 75 interruption: False in MEM_OUT: {'opcode': 'ei', 'arg': 0} ei 0
  DEBUG   machine:simulation    PC: 23 ticks: 78 interruption: True in MEM_OUT: {'opcode': 'push_addr', 'arg': 21} push_addr 21
  DEBUG   machine:simulation    PC: 24 ticks: 82 interruption: True in MEM_OUT: {'opcode': 'load', 'arg': 0} load 0
  DEBUG   machine:simulation    PC: 25 ticks: 87 interruption: True in MEM_OUT: {'opcode': 'push', 'arg': 10} push 10
  DEBUG   machine:simulation    PC: 26 ticks: 89 interruption: True in MEM_OUT: {'opcode': 'sub', 'arg': 0} sub 0
  DEBUG   machine:simulation    PC: 27 ticks: 92 interruption: True in MEM_OUT: {'opcode': 'di', 'arg': 0} di 0
  DEBUG   machine:simulation    PC: 28 ticks: 94 interruption: False in MEM_OUT: {'opcode': 'jz', 'arg': 34} jz 34
  DEBUG   machine:simulation    PC: 29 ticks: 94 interruption: False in MEM_OUT: {'opcode': 'pop', 'arg': 0} pop 0
  DEBUG   machine:simulation    PC: 30 ticks: 96 interruption: False in MEM_OUT: {'opcode': 'push_addr', 'arg': 21} push_addr 21
  DEBUG   machine:simulation    PC: 31 ticks: 100 interruption: False in MEM_OUT: {'opcode': 'inc', 'arg': 0} inc 0
  DEBUG   machine:simulation    PC: 32 ticks: 102 interruption: False in MEM_OUT: {'opcode': 'pop_addr', 'arg': 21} pop_addr 21
  DEBUG   machine:simulation    PC: 33 ticks: 106 interruption: False in MEM_OUT: {'opcode': 'jmp', 'arg': 22} jmp 22
  DEBUG   machine:simulation    PC: 22 ticks: 108 interruption: False in MEM_OUT: {'opcode': 'ei', 'arg': 0} ei 0
  DEBUG   machine:simulation    PC: 23 ticks: 111 interruption: True in MEM_OUT: {'opcode': 'push_addr', 'arg': 21} push_addr 21
  DEBUG   machine:simulation    PC: 24 ticks: 115 interruption: True in MEM_OUT: {'opcode': 'load', 'arg': 0} load 0
  DEBUG   machine:simulation    PC: 25 ticks: 120 interruption: True in MEM_OUT: {'opcode': 'push', 'arg': 10} push 10
  DEBUG   machine:simulation    PC: 26 ticks: 122 interruption: True in MEM_OUT: {'opcode': 'sub', 'arg': 0} sub 0
  DEBUG   machine:simulation    PC: 27 ticks: 125 interruption: True in MEM_OUT: {'opcode': 'di', 'arg': 0} di 0
  DEBUG   machine:simulation    PC: 28 ticks: 127 interruption: False in MEM_OUT: {'opcode': 'jz', 'arg': 34} jz 34
  DEBUG   machine:simulation    PC: 29 ticks: 127 interruption: False in MEM_OUT: {'opcode': 'pop', 'arg': 0} pop 0
  DEBUG   machine:simulation    PC: 30 ticks: 129 interruption: False in MEM_OUT: {'opcode': 'push_addr', 'arg': 21} push_addr 21
  DEBUG   machine:simulation    PC: 31 ticks: 133 interruption: False in MEM_OUT: {'opcode': 'inc', 'arg': 0} inc 0
  DEBUG   machine:simulation    PC: 32 ticks: 135 interruption: False in MEM_OUT: {'opcode': 'pop_addr', 'arg': 21} pop_addr 21
  DEBUG   machine:simulation    PC: 33 ticks: 139 interruption: False in MEM_OUT: {'opcode': 'jmp', 'arg': 22} jmp 22
  DEBUG   machine:simulation    PC: 22 ticks: 141 interruption: False in MEM_OUT: {'opcode': 'ei', 'arg': 0} ei 0
  DEBUG   machine:simulation    PC: 23 ticks: 144 interruption: True in MEM_OUT: {'opcode': 'push_addr', 'arg': 21} push_addr 21
  DEBUG   machine:simulation    PC: 24 ticks: 148 interruption: True in MEM_OUT: {'opcode': 'load', 'arg': 0} load 0
  DEBUG   machine:simulation    PC: 25 ticks: 153 interruption: True in MEM_OUT: {'opcode': 'push', 'arg': 10} push 10
  DEBUG   machine:simulation    PC: 26 ticks: 155 interruption: True in MEM_OUT: {'opcode': 'sub', 'arg': 0} sub 0
  DEBUG   machine:simulation    PC: 27 ticks: 158 interruption: True in MEM_OUT: {'opcode': 'di', 'arg': 0} di 0
  DEBUG   machine:simulation    PC: 28 ticks: 160 interruption: False in MEM_OUT: {'opcode': 'jz', 'arg': 34} jz 34
  DEBUG   machine:simulation    PC: 34 ticks: 162 interruption: False in MEM_OUT: {'opcode': 'call', 'arg': 5} call 5
  DEBUG   machine:simulation    PC: 5 ticks: 165 interruption: False in MEM_OUT: {'opcode': 'pop', 'arg': 0} pop 0
  DEBUG   machine:simulation    PC: 6 ticks: 167 interruption: False in MEM_OUT: {'opcode': 'push_addr', 'arg': 4} push_addr 4
  DEBUG   machine:simulation    PC: 7 ticks: 171 interruption: False in MEM_OUT: {'opcode': 'load', 'arg': 0} load 0
  DEBUG   machine:simulation    PC: 8 ticks: 176 interruption: False in MEM_OUT: {'opcode': 'store', 'arg': 2} store 2
  DEBUG   machine:simulation    PC: 9 ticks: 181 interruption: False in MEM_OUT: {'opcode': 'push_addr', 'arg': 4} push_addr 4
  DEBUG   machine:simulation    PC: 10 ticks: 185 interruption: False in MEM_OUT: {'opcode': 'load', 'arg': 0} load 0
  DEBUG   machine:simulation    PC: 11 ticks: 190 interruption: False in MEM_OUT: {'opcode': 'push', 'arg': 10} push 10
  DEBUG   machine:simulation    PC: 12 ticks: 192 interruption: False in MEM_OUT: {'opcode': 'sub', 'arg': 0} sub 0
  DEBUG   machine:simulation    PC: 13 ticks: 195 interruption: False in MEM_OUT: {'opcode': 'jz', 'arg': 18} jz 18
  DEBUG   machine:simulation    PC: 14 ticks: 195 interruption: False in MEM_OUT: {'opcode': 'push_addr', 'arg': 4} push_addr 4
  DEBUG   machine:simulation    PC: 15 ticks: 199 interruption: False in MEM_OUT: {'opcode': 'inc', 'arg': 0} inc 0
  DEBUG   machine:simulation    PC: 16 ticks: 201 interruption: False in MEM_OUT: {'opcode': 'pop_addr', 'arg': 4} pop_addr 4
  DEBUG   machine:simulation    PC: 17 ticks: 205 interruption: False in MEM_OUT: {'opcode': 'jmp', 'arg': 5} jmp 5
  DEBUG   machine:simulation    PC: 5 ticks: 207 interruption: False in MEM_OUT: {'opcode': 'pop', 'arg': 0} pop 0
  DEBUG   machine:simulation    PC: 6 ticks: 209 interruption: False in MEM_OUT: {'opcode': 'push_addr', 'arg': 4} push_addr 4
  DEBUG   machine:simulation    PC: 7 ticks: 213 interruption: False in MEM_OUT: {'opcode': 'load', 'arg': 0} load 0
  DEBUG   machine:simulation    PC: 8 ticks: 218 interruption: False in MEM_OUT: {'opcode': 'store', 'arg': 2} store 2
  DEBUG   machine:simulation    PC: 9 ticks: 223 interruption: False in MEM_OUT: {'opcode': 'push_addr', 'arg': 4} push_addr 4
  DEBUG   machine:simulation    PC: 10 ticks: 227 interruption: False in MEM_OUT: {'opcode': 'load', 'arg': 0} load 0
  DEBUG   machine:simulation    PC: 11 ticks: 232 interruption: False in MEM_OUT: {'opcode': 'push', 'arg': 10} push 10
  DEBUG   machine:simulation    PC: 12 ticks: 234 interruption: False in MEM_OUT: {'opcode': 'sub', 'arg': 0} sub 0
  DEBUG   machine:simulation    PC: 13 ticks: 237 interruption: False in MEM_OUT: {'opcode': 'jz', 'arg': 18} jz 18
  DEBUG   machine:simulation    PC: 14 ticks: 237 interruption: False in MEM_OUT: {'opcode': 'push_addr', 'arg': 4} push_addr 4
  DEBUG   machine:simulation    PC: 15 ticks: 241 interruption: False in MEM_OUT: {'opcode': 'inc', 'arg': 0} inc 0
  DEBUG   machine:simulation    PC: 16 ticks: 243 interruption: False in MEM_OUT: {'opcode': 'pop_addr', 'arg': 4} pop_addr 4
  DEBUG   machine:simulation    PC: 17 ticks: 247 interruption: False in MEM_OUT: {'opcode': 'jmp', 'arg': 5} jmp 5
  DEBUG   machine:simulation    PC: 5 ticks: 249 interruption: False in MEM_OUT: {'opcode': 'pop', 'arg': 0} pop 0
  DEBUG   machine:simulation    PC: 6 ticks: 251 interruption: False in MEM_OUT: {'opcode': 'push_addr', 'arg': 4} push_addr 4
  DEBUG   machine:simulation    PC: 7 ticks: 255 interruption: False in MEM_OUT: {'opcode': 'load', 'arg': 0} load 0
  DEBUG   machine:simulation    PC: 8 ticks: 260 interruption: False in MEM_OUT: {'opcode': 'store', 'arg': 2} store 2
  DEBUG   machine:simulation    PC: 9 ticks: 265 interruption: False in MEM_OUT: {'opcode': 'push_addr', 'arg': 4} push_addr 4
  DEBUG   machine:simulation    PC: 10 ticks: 269 interruption: False in MEM_OUT: {'opcode': 'load', 'arg': 0} load 0
  DEBUG   machine:simulation    PC: 11 ticks: 274 interruption: False in MEM_OUT: {'opcode': 'push', 'arg': 10} push 10
  DEBUG   machine:simulation    PC: 12 ticks: 276 interruption: False in MEM_OUT: {'opcode': 'sub', 'arg': 0} sub 0
  DEBUG   machine:simulation    PC: 13 ticks: 279 interruption: False in MEM_OUT: {'opcode': 'jz', 'arg': 18} jz 18
  DEBUG   machine:simulation    PC: 14 ticks: 279 interruption: False in MEM_OUT: {'opcode': 'push_addr', 'arg': 4} push_addr 4
  DEBUG   machine:simulation    PC: 15 ticks: 283 interruption: False in MEM_OUT: {'opcode': 'inc', 'arg': 0} inc 0
  DEBUG   machine:simulation    PC: 16 ticks: 285 interruption: False in MEM_OUT: {'opcode': 'pop_addr', 'arg': 4} pop_addr 4
  DEBUG   machine:simulation    PC: 17 ticks: 289 interruption: False in MEM_OUT: {'opcode': 'jmp', 'arg': 5} jmp 5
  DEBUG   machine:simulation    PC: 5 ticks: 291 interruption: False in MEM_OUT: {'opcode': 'pop', 'arg': 0} pop 0
  DEBUG   machine:simulation    PC: 6 ticks: 293 interruption: False in MEM_OUT: {'opcode': 'push_addr', 'arg': 4} push_addr 4
  DEBUG   machine:simulation    PC: 7 ticks: 297 interruption: False in MEM_OUT: {'opcode': 'load', 'arg': 0} load 0
  DEBUG   machine:simulation    PC: 8 ticks: 302 interruption: False in MEM_OUT: {'opcode': 'store', 'arg': 2} store 2
  DEBUG   machine:simulation    PC: 9 ticks: 307 interruption: False in MEM_OUT: {'opcode': 'push_addr', 'arg': 4} push_addr 4
  DEBUG   machine:simulation    PC: 10 ticks: 311 interruption: False in MEM_OUT: {'opcode': 'load', 'arg': 0} load 0
  DEBUG   machine:simulation    PC: 11 ticks: 316 interruption: False in MEM_OUT: {'opcode': 'push', 'arg': 10} push 10
  DEBUG   machine:simulation    PC: 12 ticks: 318 interruption: False in MEM_OUT: {'opcode': 'sub', 'arg': 0} sub 0
  DEBUG   machine:simulation    PC: 13 ticks: 321 interruption: False in MEM_OUT: {'opcode': 'jz', 'arg': 18} jz 18
  DEBUG   machine:simulation    PC: 14 ticks: 321 interruption: False in MEM_OUT: {'opcode': 'push_addr', 'arg': 4} push_addr 4
  DEBUG   machine:simulation    PC: 15 ticks: 325 interruption: False in MEM_OUT: {'opcode': 'inc', 'arg': 0} inc 0
  DEBUG   machine:simulation    PC: 16 ticks: 327 interruption: False in MEM_OUT: {'opcode': 'pop_addr', 'arg': 4} pop_addr 4
  DEBUG   machine:simulation    PC: 17 ticks: 331 interruption: False in MEM_OUT: {'opcode': 'jmp', 'arg': 5} jmp 5
  DEBUG   machine:simulation    PC: 5 ticks: 333 interruption: False in MEM_OUT: {'opcode': 'pop', 'arg': 0} pop 0
  DEBUG   machine:simulation    PC: 6 ticks: 335 interruption: False in MEM_OUT: {'opcode': 'push_addr', 'arg': 4} push_addr 4
  DEBUG   machine:simulation    PC: 7 ticks: 339 interruption: False in MEM_OUT: {'opcode': 'load', 'arg': 0} load 0
  DEBUG   machine:simulation    PC: 8 ticks: 344 interruption: False in MEM_OUT: {'opcode': 'store', 'arg': 2} store 2
  DEBUG   machine:simulation    PC: 9 ticks: 349 interruption: False in MEM_OUT: {'opcode': 'push_addr', 'arg': 4} push_addr 4
  DEBUG   machine:simulation    PC: 10 ticks: 353 interruption: False in MEM_OUT: {'opcode': 'load', 'arg': 0} load 0
  DEBUG   machine:simulation    PC: 11 ticks: 358 interruption: False in MEM_OUT: {'opcode': 'push', 'arg': 10} push 10
  DEBUG   machine:simulation    PC: 12 ticks: 360 interruption: False in MEM_OUT: {'opcode': 'sub', 'arg': 0} sub 0
  DEBUG   machine:simulation    PC: 13 ticks: 363 interruption: False in MEM_OUT: {'opcode': 'jz', 'arg': 18} jz 18
  DEBUG   machine:simulation    PC: 18 ticks: 365 interruption: False in MEM_OUT: {'opcode': 'push', 'arg': 1} push 1
  DEBUG   machine:simulation    PC: 19 ticks: 367 interruption: False in MEM_OUT: {'opcode': 'pop_addr', 'arg': 4} pop_addr 4
  DEBUG   machine:simulation    PC: 20 ticks: 371 interruption: False in MEM_OUT: {'opcode': 'ret', 'arg': 0} ret 0
  DEBUG   machine:simulation    PC: 35 ticks: 373 interruption: False in MEM_OUT: {'opcode': 'halt', 'arg': 0} halt 0
  INFO    machine:simulation    output_buffer: 'Viko\n'
  
