in_source: |-
  hello_world:
      word 72
      word 101
      word 108
      word 108
      word 111
      word 32
      word 87
      word 111
      word 114
      word 108
      word 100
      word 0;
  _start:
      store hello_world
      halt;
in_stdin: |-

out_code: |-
  [{"_start": 15},
  {"index": 4, "opcode": "word", "arg": "72"},
  {"index": 5, "opcode": "word", "arg": "101"},
  {"index": 6, "opcode": "word", "arg": "108"},
  {"index": 7, "opcode": "word", "arg": "108"},
  {"index": 8, "opcode": "word", "arg": "111"},
  {"index": 9, "opcode": "word", "arg": "32"},
  {"index": 10, "opcode": "word", "arg": "87"},
  {"index": 11, "opcode": "word", "arg": "111"},
  {"index": 12, "opcode": "word", "arg": "114"},
  {"index": 13, "opcode": "word", "arg": "108"},
  {"index": 14, "opcode": "word", "arg": "100"},
  {"index": 15, "opcode": "word", "arg": "0"},
  {"index": 17, "opcode": "store", "arg": 4},
  {"index": 18, "opcode": "halt", "arg": ""}]
out_stdout: |-
  Hello World
  instr_counter: 3
  ticks: 24
out_log: |-
  DEBUG   machine:simulation    PC: 17 ticks: 0 interruption: True in MEM_OUT: {'opcode': 'store', 'arg': 4} store 4
  DEBUG   machine:simulation    PC: 18 ticks: 24 interruption: True in MEM_OUT: {'opcode': 'halt', 'arg': ''} halt
  INFO    machine:simulation    output_buffer: 'Hello World'